AT|http://mirror.easyname.at/zulfiqar/$repo/os/$arch|easyname
AT|https://at.mirrors.cicku.me/zulfiqar/$repo/os/$arch|CICKU
AU|http://zulfiqar.mirror.digitalpacific.com.au/$repo/os/$arch|digitalpacific
BG|https://mirror.telepoint.bg/zulfiqar/$repo/os/$arch|telepoint
CA|http://mirror.0xem.ma/zulfiqar/$repo/os/$arch|0xemma
CA|https://mirror.0xem.ma/zulfiqar/$repo/os/$arch|0xemma
CA|https://ca.mirrors.cicku.me/zulfiqar/$repo/os/$arch|CICKU
CH|http://mirror.easyname.ch/zulfiqar/$repo/os/$arch|easyname
CH|https://ch.mirrors.cicku.me/zulfiqar/$repo/os/$arch|CICKU
CH|https://mirror.tillo.ch/ftp/zulfiqar/$repo/os/$arch|tillo
CN|https://mirror.sjtu.edu.cn/zulfiqar/$repo/os/$arch|SJTUG
CN|https://mirrors.tuna.tsinghua.edu.cn/zulfiqar/$repo/os/$arch|TUNA
CN|https://mirrors.hust.edu.cn/zulfiqar/$repo/os/$arch|HUST
CN|https://mirrors.ustc.edu.cn/zulfiqar/$repo/os/$arch|USTC
CN|https://mirrors.nju.edu.cn/zulfiqar/$repo/os/$arch|nju
CN|http://mirrors.nju.edu.cn/zulfiqar/$repo/os/$arch|nju
CN|http://mirrors.aliyun.com/zulfiqar/$repo/os/$arch|aliyun
CN|https://mirrors.aliyun.com/zulfiqar/$repo/os/$arch|aliyun
CN|http://mirrors.xjtu.edu.cn/zulfiqar/$repo/os/$arch|xjtu
CN|https://mirrors.xjtu.edu.cn/zulfiqar/$repo/os/$arch|xjtu
DE|https://zulfiqar.org/zulfiqar/$repo/os/$arch|zulfiqar
DE|http://zulfiqar.org/zulfiqar/zulfiqar/$repo/os/$arch|zulfiqar
DE|http://zulfiqar.unixpeople.org/$repo/os/$arch|unixpeople
DE|https://zulfiqar.unixpeople.org/$repo/os/$arch|unixpeople
DE|https://de.mirrors.cicku.me/zulfiqar/$repo/os/$arch|CICKU
DE|https://ftp.halifax.rwth-aachen.de/zulfiqar/$repo/os/$arch|RWTH-Aachen
DK|https://mirrors.dotsrc.org/zulfiqar/$repo/os/$arch|dotsrc
EC|http://mirror.cedia.org.ec/zulfiqar/$repo/os/$arch|eseerror
EC|https://mirror.cedia.org.ec/zulfiqar/$repo/os/$arch|eseerror
FR|http://zulfiqar.leneveu.fr/$repo/os/$arch|JayCie
FR|http://mirror.cyberbits.eu/zulfiqar/$repo/os/$arch|cyberbits.eu
FR|https://mirror.cyberbits.eu/zulfiqar/$repo/os/$arch|cyberbits.eu
GB|https://www.mirrorservice.org/sites/zulfiqar.org/zulfiqar/$repo/os/$arch|mirrorservice
GB|http://www.mirrorservice.org/sites/zulfiqar.org/zulfiqar/$repo/os/$arch|mirrorservice
GB|https://gb.mirrors.cicku.me/zulfiqar/$repo/os/$arch|CICKU
GR|http://ftp.cc.uoc.gr/mirrors/linux/zulfiqar/$repo/os/$arch|cc.uoc.gr
HU|https://quantum-mirror.hu/mirrors/pub/zulfiqar/$repo/os/$arch|quantum-mirror
HK|https://hk.mirrors.cicku.me/zulfiqar/$repo/os/$arch|CICKU
IN|https://mirror.maa.albony.in/zulfiqar/$repo/os/$arch|albony
IN|https://in.mirrors.cicku.me/zulfiqar/$repo/os/$arch|CICKU
IT|http://zulfiqar.mirror.garr.it/mirrors/zulfiqar/$repo/os/$arch|garr
IT|https://zulfiqar.mirror.garr.it/mirrors/zulfiqar/$repo/os/$arch|garr
JP|http://ftp.kddilabs.jp/Linux/packages/zulfiqar/$repo/os/$arch|kddilabs
JP|https://ftp.kddilabs.jp/Linux/packages/zulfiqar/$repo/os/$arch|kddilabs
JP|http://www.miraa.jp/zulfiqar/$repo/os/$arch|miraa
JP|https://www.miraa.jp/zulfiqar/$repo/os/$arch|miraa
JP|http://www.ftp.ne.jp/Linux/packages/zulfiqar/$repo/os/$arch|ne
KR|https://mirror.krfoss.org/zulfiqar/$repo/os/$arch|ROKFOSS PROJECT
MD|http://md.mirrors.hacktegic.com/zulfiqar/$repo/os/$arch|hacktegic
MD|https://md.mirrors.hacktegic.com/zulfiqar/$repo/os/$arch|hacktegic
NL|http://mirror.serverion.com/zulfiqar/$repo/os/$arch|serverion
NL|https://mirror.serverion.com/zulfiqar/$repo/os/$arch|serverion
PL|http://ftp.icm.edu.pl/pub/Linux/dist/zulfiqar/$repo/os/$arch|ICMuniversity
PL|https://ftp.icm.edu.pl/pub/Linux/dist/zulfiqar/$repo/os/$arch|ICMuniversity
RO|http://mirrors.hostico.ro/zulfiqar/$repo/os/$arch|hostico
PT|http://pt.mirrors.cicku.me/zulfiqar/$repo/os/$arch|CICKU
RO|https://mirrors.hostico.ro/zulfiqar/$repo/os/$arch|hostico
RU|http://repository.su/zulfiqar/$repo/os/$arch|dmitry.sh
RU|https://repository.su/zulfiqar/$repo/os/$arch|dmitry.sh
RU|https://mirror.yandex.ru/mirrors/zulfiqar/$repo/os/$arch|yandex
SE|http://mirror.zetup.net/zulfiqar/$repo/os/$arch|zetup
SE|https://mirror.zetup.net/zulfiqar/$repo/os/$arch|zetup
SG|http://download.nus.edu.sg/mirror/zulfiqar/$repo/os/$arch|NUS
SG|https://download.nus.edu.sg/mirror/zulfiqar/$repo/os/$arch|NUS
SG|http://mirror.sg.gs/zulfiqar/$repo/os/$arch|SG.GS
SG|https://mirror.sg.gs/zulfiqar/$repo/os/$arch|SG.GS
TR|https://tr.mirrors.cicku.me/zulfiqar/$repo/os/$arch|CICKU
TR|http://ftp.linux.org.tr/zulfiqar/$repo/os/$arch|linux.org.tr
TR|https://ftp.linux.org.tr/zulfiqar/$repo/os/$arch|linux.org.tr
TW|https://tw.mirrors.cicku.me/zulfiqar/$repo/os/$arch|CICKU
TW|http://zulfiqar.cs.nycu.edu.tw/$repo/os/$arch|pichuang
TW|https://zulfiqar.cs.nycu.edu.tw/$repo/os/$arch|pichuang
TW|http://mirror.archlinux.tw/Zulfiqar OS/$repo/os/$arch|PingWu
TW|https://mirror.archlinux.tw/Zulfiqar OS/$repo/os/$arch|PingWu
UK|http://mirrors.gethosted.online/zulfiqar/zulfiqar/$repo/os/$arch|gethosted
UK|https://mirrors.gethosted.online/zulfiqar/zulfiqar/$repo/os/$arch|gethosted
US|http://distro.ibiblio.org/zulfiqar/$repo/os/$arch|Ibiblio
US|https://mirror.team-cymru.com/zulfiqar/$repo/os/$arch|TeamCymru
US|https://distro.ibiblio.org/zulfiqar/$repo/os/$arch|Ibiblio
US|https://mirrors.ocf.berkeley.edu/zulfiqar/$repo/os/$arch|Berkeley
US|http://mirrors.ocf.berkeley.edu/zulfiqar/$repo/os/$arch|Berkeley
US|https://us.mirrors.cicku.me/zulfiqar/$repo/os/$arch|CICKU
VN|https://mirror.meowsmp.net/zulfiqar/$repo/os/$arch|meowice
VN|http://mirror.meowsmp.net/zulfiqar/$repo/os/$arch|meowice
